// Jest Snapshot v1, https://goo.gl/fbAQLP

exports[`Test RegisterScreen should return RegisterScreen component 1`] = `
Array [
  <h3
    className=".auth__tittle"
  >
    Register
  </h3>,
  <form
    className="animate__animated animate__fadeIn animete-faster"
    onSubmit={[Function]}
  >
    <input
      autoComplete="off"
      className="auth__input"
      name="name"
      onChange={[Function]}
      placeholder="Name"
      type="text"
      value="Angelica"
    />
    <input
      autoComplete="off"
      className="auth__input"
      name="LastName"
      onChange={[Function]}
      placeholder="Last Name"
      type="text"
      value="Aguirre"
    />
    <input
      autoComplete="off"
      className="auth__input"
      name="email"
      onChange={[Function]}
      placeholder="Email"
      type="text"
      value="amaguirre09@gmail.com"
    />
    <input
      className="auth__input"
      name="password"
      onChange={[Function]}
      placeholder="Password"
      type="password"
      value="123456"
    />
    <input
      className="auth__input"
      name="password2"
      onChange={[Function]}
      placeholder="Confirm Password"
      type="password"
      value="123456"
    />
    <button
      className="btn btn-primary btn-block mb-5"
      type="submit"
    >
      Register
    </button>
    <a
      className="link"
      href="/auth/login"
      onClick={[Function]}
    >
      Alredy Register?
    </a>
  </form>,
]
`;
